Component: ARM Compiler 5.06 update 7 (build 960) Tool: armlink [4d3601]

==============================================================================

Section Cross References

    aaa.o(.text) refers to ioinit.o(.text) for Delay_us
    aaa.o(.text) refers to aaa.o(.data) for AA_i
    aaa.o(.text) refers to aaa.o(.bss) for AA_TXData
    aaa.o(.text) refers to timer.o(.data) for ZhenPin
    aaa.o(.text) refers to pointfunction.o(.data) for FW_pointing_degree_LY
    aaa.o(.text) refers to f2d.o(x$fpl$f2d) for __aeabi_f2d
    aaa.o(.text) refers to dmul.o(x$fpl$dmul) for __aeabi_dmul
    aaa.o(.text) refers to d2f.o(x$fpl$d2f) for __aeabi_d2f
    aaa.o(.text) refers to stmflash.o(.text) for STMFLASH_Write
    aaa.o(.text) refers to main.o(.data) for NewAngle
    aaa.o(.text) refers to timer.o(.text) for ZiJian_YingDa
    aaa.o(.text) refers to dflt_clz.o(x$fpl$dflt) for __aeabi_i2d
    aaa.o(.text) refers to dfix.o(x$fpl$dfix) for __aeabi_d2iz
    aaa.o(.text) refers to dleqf.o(x$fpl$dleqf) for __aeabi_cdcmple
    aaa.o(.text) refers to exit.o(.data) for BeginMove_flag
    aaa.o(.text) refers to extiz.o(.data) for EXTI2_CNT
    aaa.o(.text) refers to scanfunction.o(.data) for Scan_Direction_ly
    aaa.o(.text) refers to yunsufunction.o(.data) for YunSu_Direction_ly
    aaa.o(.text) refers to dflt_clz.o(x$fpl$dfltu) for __aeabi_ui2d
    aaa.o(.text) refers to calculateslocation.o(.data) for Space_FW
    aaa.o(.text) refers to ddiv.o(x$fpl$ddiv) for __aeabi_ddiv
    main.o(.text) refers to system_stm32f4xx.o(.text) for SystemInit
    main.o(.text) refers to ioinit.o(.text) for Delay_ms
    main.o(.text) refers to misc.o(.text) for NVIC_PriorityGroupConfig
    main.o(.text) refers to usart.o(.text) for uart4_init
    main.o(.text) refers to can.o(.text) for CAN1_Mode_Init
    main.o(.text) refers to fsmcompensator.o(.text) for AskfsmFilterPara
    main.o(.text) refers to fsmcompensator_servo.o(.text) for AskfsmFilterPara_servo
    main.o(.text) refers to fsmc.o(.text) for bsp_InitFsmc
    main.o(.text) refers to elmo.o(.text) for wRS_FW
    main.o(.text) refers to dflt_clz.o(x$fpl$dflt) for __aeabi_i2d
    main.o(.text) refers to ddiv.o(x$fpl$ddiv) for __aeabi_ddiv
    main.o(.text) refers to d2f.o(x$fpl$d2f) for __aeabi_d2f
    main.o(.text) refers to extiz.o(.text) for EXTIX2_Init
    main.o(.text) refers to timer.o(.text) for TIM10_Init
    main.o(.text) refers to main.o(.data) for pxf_FW
    main.o(.text) refers to timer.o(.data) for FW_encoder_degrees_First
    main.o(.text) refers to receive_send_data.o(.data) for Send_gai_Status
    main.o(.text) refers to main.o(.bss) for PZdataRX
    angelcalculation.o(.text) refers to rt_memclr_w.o(.text) for __aeabi_memclr4
    angelcalculation.o(.text) refers to f2d.o(x$fpl$f2d) for __aeabi_f2d
    angelcalculation.o(.text) refers to dmul.o(x$fpl$dmul) for __aeabi_dmul
    angelcalculation.o(.text) refers to ddiv.o(x$fpl$ddiv) for __aeabi_ddiv
    angelcalculation.o(.text) refers to d2f.o(x$fpl$d2f) for __aeabi_d2f
    angelcalculation.o(.text) refers to cosf.o(i.__hardfp_cosf) for __hardfp_cosf
    angelcalculation.o(.text) refers to sinf.o(i.__hardfp_sinf) for __hardfp_sinf
    angelcalculation.o(.text) refers to sin.o(i.__hardfp_sin) for __hardfp_sin
    angelcalculation.o(.text) refers to daddsub_clz.o(x$fpl$dadd) for __aeabi_dadd
    angelcalculation.o(.text) refers to attitudealgorithm.o(.data) for SpaceSetValueFY
    angelcalculation.o(.text) refers to angelcalculation.o(.data) for kr
    angelcalculation.o(.text) refers to atan.o(i.__hardfp_atan) for __hardfp_atan
    angelcalculation.o(.text) refers to sqrt.o(i.__hardfp_sqrt) for __hardfp_sqrt
    angelcalculation1.o(.text) refers to rt_memclr_w.o(.text) for __aeabi_memclr4
    angelcalculation1.o(.text) refers to cosf.o(i.__hardfp_cosf) for __hardfp_cosf
    angelcalculation1.o(.text) refers to sinf.o(i.__hardfp_sinf) for __hardfp_sinf
    angelcalculation1.o(.text) refers to angelcalculation1.o(.data) for angle2
    angelcalculation1.o(.text) refers to atanf.o(i.__hardfp_atanf) for __hardfp_atanf
    angelcalculation1.o(.text) refers to f2d.o(x$fpl$f2d) for __aeabi_f2d
    angelcalculation1.o(.text) refers to ddiv.o(x$fpl$ddiv) for __aeabi_ddiv
    angelcalculation1.o(.text) refers to d2f.o(x$fpl$d2f) for __aeabi_d2f
    angelcalculation1.o(.text) refers to sqrt.o(i.__hardfp_sqrt) for __hardfp_sqrt
    angelcalculation1.o(.text) refers to daddsub_clz.o(x$fpl$dsub) for __aeabi_dsub
    angelcalculation1.o(.text) refers to attitudealgorithm.o(.data) for FW_buchang_degree
    attitudealgorithm.o(.text) refers to f2d.o(x$fpl$f2d) for __aeabi_f2d
    attitudealgorithm.o(.text) refers to daddsub_clz.o(x$fpl$dadd) for __aeabi_dadd
    attitudealgorithm.o(.text) refers to d2f.o(x$fpl$d2f) for __aeabi_d2f
    attitudealgorithm.o(.text) refers to dmul.o(x$fpl$dmul) for __aeabi_dmul
    attitudealgorithm.o(.text) refers to ddiv.o(x$fpl$ddiv) for __aeabi_ddiv
[...]
    FW_lowpass_servo                         0x20000c0c   Data           4  timer.o(.data)
    FY_lowpass_servo                         0x20000c10   Data           4  timer.o(.data)
    FW_track_yijie_tao_servo                 0x20000c14   Data           4  timer.o(.data)
    FW_track_yijie_T_servo                   0x20000c18   Data           4  timer.o(.data)
    FY_track_yijie_tao_servo                 0x20000c1c   Data           4  timer.o(.data)
    FY_track_yijie_T_servo                   0x20000c20   Data           4  timer.o(.data)
    FW_track_erjie_tao_servo                 0x20000c24   Data           4  timer.o(.data)
    FW_track_erjie_T_servo                   0x20000c28   Data           4  timer.o(.data)
    FY_track_erjie_tao_servo                 0x20000c2c   Data           4  timer.o(.data)
    FY_track_erjie_T_servo                   0x20000c30   Data           4  timer.o(.data)
    accelerate_limit                         0x20000c34   Data           4  timer.o(.data)
    velocity_limit_value_set                 0x20000c38   Data           4  timer.o(.data)
    FW_location_set                          0x20000c3c   Data           4  timer.o(.data)
    FY_location_set                          0x20000c40   Data           4  timer.o(.data)
    FW_location_last                         0x20000c44   Data           4  timer.o(.data)
    FY_location_last                         0x20000c48   Data           4  timer.o(.data)
    TEST_ReadDataFlag                        0x20000c4c   Data           2  timer.o(.data)
    TuoBa_fLAG                               0x20000c4e   Data           2  timer.o(.data)
    FPGA_READ_TEST_ADDR                      0x20000c50   Data           4  timer.o(.data)
    FY_encoder_l                             0x20000c54   Data           2  timer.o(.data)
    FY_encoder_h                             0x20000c56   Data           2  timer.o(.data)
    FY_encoder_u32                           0x20000c58   Data           4  timer.o(.data)
    FY_encoder_degrees                       0x20000c5c   Data           4  timer.o(.data)
    FY_encoder_degrees_lowpass               0x20000c60   Data           4  timer.o(.data)
    low_2bit_FY                              0x20000c64   Data           1  timer.o(.data)
    FW_encoder_l                             0x20000c66   Data           2  timer.o(.data)
    FW_encoder_h                             0x20000c68   Data           2  timer.o(.data)
    FW_encoder_u32                           0x20000c6c   Data           4  timer.o(.data)
    FW_encoder_degrees                       0x20000c70   Data           4  timer.o(.data)
    low_2bit_FW                              0x20000c74   Data           1  timer.o(.data)
    x_axis_velocity                          0x20000c78   Data           4  timer.o(.data)
    x_axis_velocity_supplement               0x20000c7c   Data           4  timer.o(.data)
    x_axis_velocity_float                    0x20000c80   Data           4  timer.o(.data)
    x_axis_velocity_1msdistance              0x20000c84   Data           4  timer.o(.data)
    x_axis_velocity_1msdistance_sum          0x20000c88   Data           4  timer.o(.data)
    y_axis_velocity                          0x20000c8c   Data           4  timer.o(.data)
    y_axis_velocity_supplement               0x20000c90   Data           4  timer.o(.data)
    y_axis_velocity_float                    0x20000c94   Data           4  timer.o(.data)
    y_axis_velocity_1msdistance              0x20000c98   Data           4  timer.o(.data)
    y_axis_velocity_1msdistance_sum          0x20000c9c   Data           4  timer.o(.data)
    x_axis_velocity_float_ly                 0x20000ca0   Data           4  timer.o(.data)
    y_axis_velocity_float_ly                 0x20000ca4   Data           4  timer.o(.data)
    z_axis_velocity                          0x20000ca8   Data           4  timer.o(.data)
    z_axis_velocity_supplement               0x20000cac   Data           4  timer.o(.data)
    z_axis_velocity_float                    0x20000cb0   Data           4  timer.o(.data)
    z_axis_velocity_1msdistance              0x20000cb4   Data           4  timer.o(.data)
    z_axis_velocity_1msdistance_sum          0x20000cb8   Data           4  timer.o(.data)
    x_axis_accelerated                       0x20000cbc   Data           4  timer.o(.data)
    x_axis_accelerated_supplement            0x20000cc0   Data           4  timer.o(.data)
    x_axis_accelerated_float                 0x20000cc4   Data           4  timer.o(.data)
    y_axis_accelerated                       0x20000cc8   Data           4  timer.o(.data)
    y_axis_accelerated_supplement            0x20000ccc   Data           4  timer.o(.data)
    y_axis_accelerated_float                 0x20000cd0   Data           4  timer.o(.data)
    z_axis_accelerated                       0x20000cd4   Data           4  timer.o(.data)
    z_axis_accelerated_supplement            0x20000cd8   Data           4  timer.o(.data)
    z_axis_accelerated_float                 0x20000cdc   Data           4  timer.o(.data)
    roll_attitude                            0x20000ce0   Data           4  timer.o(.data)
    roll_attitude_supplement                 0x20000ce4   Data           4  timer.o(.data)
    roll_attitude_float                      0x20000ce8   Data           4  timer.o(.data)
    roll_attitude_float_ly                   0x20000cec   Data           4  timer.o(.data)
    pitch_attitude                           0x20000cf0   Data           4  timer.o(.data)
    pitch_attitude_supplement                0x20000cf4   Data           4  timer.o(.data)
    pitch_attitude_float                     0x20000cf8   Data           4  timer.o(.data)
    pitch_attitude_float_ly                  0x20000cfc   Data           4  timer.o(.data)
    roll_attitude_before                     0x20000d00   Data           4  timer.o(.data)
    pitch_attitude_before                    0x20000d04   Data           4  timer.o(.data)
    yaw_attitude                             0x20000d08   Data           4  timer.o(.data)
    yaw_attitude_supplement                  0x20000d0c   Data           4  timer.o(.data)
    yaw_attitude_float                       0x20000d10   Data           4  timer.o(.data)
    yaw_attitude_float_ly                    0x20000d14   Data           4  timer.o(.data)
    yaw_angle_slave                          0x20000d18   Data           4  timer.o(.data)
    yaw_angle_float_slave                    0x20000d1c   Data           4  timer.o(.data)
    pitch_angle_slave                        0x20000d20   Data           4  timer.o(.data)
    pitch_angle_float_slave                  0x20000d24   Data           4  timer.o(.data)
    roll_angle_slave                         0x20000d28   Data           4  timer.o(.data)
    roll_angle_float_slave                   0x20000d2c   Data           4  timer.o(.data)
    yaw_angle_velocity_slave                 0x20000d30   Data           4  timer.o(.data)
    yaw_angle_velocity_float_slave           0x20000d34   Data           4  timer.o(.data)
    pitch_angle_velocity_slave               0x20000d38   Data           4  timer.o(.data)
    pitch_angle_velocity_float_slave         0x20000d3c   Data           4  timer.o(.data)
    roll_angle_velocity_slave                0x20000d40   Data           4  timer.o(.data)
    roll_angle_velocity_float_slave          0x20000d44   Data           4  timer.o(.data)
    X_axis_palstance                         0x20000d48   Data           4  timer.o(.data)
    X_axis_palstance_float                   0x20000d4c   Data           4  timer.o(.data)
    X_axis_palstance_float_off_set           0x20000d50   Data           4  timer.o(.data)
    X_axis_palstance_float_lowpass           0x20000d54   Data           4  timer.o(.data)
    X_axis_palstance_float_lowpass_out       0x20000d58   Data           4  timer.o(.data)
    low_pss_out_sanjie                       0x20000d5c   Data           4  timer.o(.data)
    Y_axis_palstance                         0x20000d60   Data           4  timer.o(.data)
    Y_axis_palstance_float                   0x20000d64   Data           4  timer.o(.data)
    Z_axis_palstance                         0x20000d68   Data           4  timer.o(.data)
    Z_axis_palstance_float                   0x20000d6c   Data           4  timer.o(.data)
    X_slave_1ms_distance                     0x20000d70   Data           4  timer.o(.data)
    X_slave_1ms_distance_PT                  0x20000d74   Data           4  timer.o(.data)
    X_slave_1ms_distance_SV                  0x20000d78   Data           4  timer.o(.data)
    X_slave_1ms_distance_sum                 0x20000d7c   Data           4  timer.o(.data)
    Y_slave_1ms_distance                     0x20000d80   Data           4  timer.o(.data)
    Y_slave_1ms_distance_sum                 0x20000d84   Data           4  timer.o(.data)
    Z_slave_1ms_distance                     0x20000d88   Data           4  timer.o(.data)
    Z_slave_1ms_distance_sum                 0x20000d8c   Data           4  timer.o(.data)
    IMU_bit_u32                              0x20000d90   Data           4  timer.o(.data)
    IMU_bit1                                 0x20000d94   Data           4  timer.o(.data)
    IMU_bit2                                 0x20000d98   Data           4  timer.o(.data)
    IMU_bit3                                 0x20000d9c   Data           4  timer.o(.data)
    IMU_bit4                                 0x20000da0   Data           4  timer.o(.data)
    IMU_bit5                                 0x20000da4   Data           4  timer.o(.data)
    IMU_bit_int                              0x20000da8   Data           4  timer.o(.data)
    IMU_bit_float                            0x20000dac   Data           4  timer.o(.data)
    IMU_bit_float_lowpass                    0x20000db0   Data           4  timer.o(.data)
    temp1_u16                                0x20000db4   Data           2  timer.o(.data)
    temp2_u16                                0x20000db6   Data           2  timer.o(.data)
    temp1_f                                  0x20000db8   Data           4  timer.o(.data)
    temp2_f                                  0x20000dbc   Data           4  timer.o(.data)
    miss_distance_judge_X                    0x20000dc0   Data           4  timer.o(.data)
    miss_distance_judge_Y                    0x20000dc4   Data           4  timer.o(.data)
    miss_distance_X                          0x20000dc8   Data           4  timer.o(.data)
    miss_distance_Y                          0x20000dcc   Data           4  timer.o(.data)
    miss_distance_Y_float_last               0x20000dd0   Data           4  timer.o(.data)
    miss_distance_X_float_last               0x20000dd4   Data           4  timer.o(.data)
    FY_miss_distance_sub                     0x20000dd8   Data           4  timer.o(.data)
    FW_miss_distance_sub                     0x20000ddc   Data           4  timer.o(.data)
    system_mode                              0x20000de0   Data           1  timer.o(.data)
    FY_location_loop_open_flag               0x20000de1   Data           1  timer.o(.data)
    FW_location_loop_open_flag               0x20000de2   Data           1  timer.o(.data)
    FW_light_loop_open_flag                  0x20000de3   Data           1  timer.o(.data)
    FY_light_loop_open_flag                  0x20000de4   Data           1  timer.o(.data)
    huiling_cnt                              0x20000de5   Data           1  timer.o(.data)
    huiling_once_flag                        0x20000de6   Data           1  timer.o(.data)
    timer_126ms_cnt                          0x20000de8   Data           4  timer.o(.data)
    scan_parameter_set_flag                  0x20000dec   Data           1  timer.o(.data)
    yushu                                    0x20000ded   Data           1  timer.o(.data)
    FY_sin_value                             0x20000df0   Data           4  timer.o(.data)
    FW_relative_degree                       0x20000df4   Data           4  timer.o(.data)
    FY_off_set                               0x20000df8   Data           4  timer.o(.data)
    FY_sin_value_fabs                        0x20000dfc   Data           4  timer.o(.data)
    FW_relative_rad                          0x20000e00   Data           4  timer.o(.data)
    FY_relative_rad                          0x20000e04   Data           4  timer.o(.data)
    matrix_a                                 0x20000e08   Data           4  timer.o(.data)
    matrix_b                                 0x20000e0c   Data           4  timer.o(.data)
    matrix_c                                 0x20000e10   Data           4  timer.o(.data)
    FW_simulated_target_motion               0x20000e14   Data           4  timer.o(.data)
    FY_simulated_target_motion               0x20000e18   Data           4  timer.o(.data)
    FW_pre_lowpss_filter                     0x20000e1c   Data           4  timer.o(.data)
    FY_pre_lowpss_filter                     0x20000e20   Data           4  timer.o(.data)
    step_cnt                                 0x20000e24   Data           4  timer.o(.data)
    FY_step_cnt                              0x20000e28   Data           4  timer.o(.data)
    FW_set_off                               0x20000e2c   Data           4  timer.o(.data)
    FY_set_off                               0x20000e30   Data           4  timer.o(.data)
    X_slave_1ms_distance_sum_last            0x20000e34   Data           4  timer.o(.data)
    X_slave_1ms_distance_sub                 0x20000e38   Data           4  timer.o(.data)
    Z_slave_1ms_distance_sum_last            0x20000e3c   Data           4  timer.o(.data)
    Z_slave_1ms_distance_sub                 0x20000e40   Data           4  timer.o(.data)
    X_speed_off_set                          0x20000e44   Data           4  timer.o(.data)
    Z_speed_off_set                          0x20000e48   Data           4  timer.o(.data)
    sin_cnt                                  0x20000e4c   Data           4  timer.o(.data)
    sin_value                                0x20000e50   Data           4  timer.o(.data)
    sin_value_sum                            0x20000e54   Data           4  timer.o(.data)
    sin_T_f                                  0x20000e58   Data           4  timer.o(.data)
    sin_T_u                                  0x20000e5c   Data           4  timer.o(.data)
    FY_qiankui_speed                         0x20000e60   Data           4  timer.o(.data)
    FW_revise_out_speed_acc                  0x20000e64   Data           4  timer.o(.data)
    FW_revise_out_speed_last                 0x20000e68   Data           4  timer.o(.data)
    FW_revise_out_volatge                    0x20000e6c   Data           4  timer.o(.data)
    FW_qiankui_speed                         0x20000e70   Data           4  timer.o(.data)
    FY_light_loop_revise_speed               0x20000e74   Data           4  timer.o(.data)
    FW_light_loop_revise_speed               0x20000e78   Data           4  timer.o(.data)
    FW_track_qiankui_speed                   0x20000e7c   Data           4  timer.o(.data)
    FY_track_qiankui_speed                   0x20000e80   Data           4  timer.o(.data)
    step_jishi                               0x20000e84   Data           4  timer.o(.data)
    output_open_flag                         0x20000e88   Data           1  timer.o(.data)
    FW_output_value_can                      0x20000e8c   Data           4  timer.o(.data)
    FW_output_angle_pa_last                  0x20000e90   Data           4  timer.o(.data)
    FY_output_angle_pa_last                  0x20000e94   Data           4  timer.o(.data)
    FW_output_angle_pa_now                   0x20000e98   Data           4  timer.o(.data)
    FY_output_angle_pa_now                   0x20000e9c   Data           4  timer.o(.data)
    FW_output_value_can_sub                  0x20000ea0   Data           4  timer.o(.data)
    velocity_limit_value                     0x20000ea4   Data           4  timer.o(.data)
    FW_limit_vel_value                       0x20000ea8   Data           4  timer.o(.data)
    FY_limit_vel_value                       0x20000eac   Data           4  timer.o(.data)
    global_FW_position_piror                 0x20000eb0   Data           4  timer.o(.data)
    global_FY_position_piror                 0x20000eb4   Data           4  timer.o(.data)
    FW_chafen_speed                          0x20000eb8   Data           4  timer.o(.data)
    FY_chafen_speed                          0x20000ebc   Data           4  timer.o(.data)
    FW_send_array_select                     0x20000ec0   Data           1  timer.o(.data)
    FY_send_array_select                     0x20000ec1   Data           1  timer.o(.data)
    shiyanzhengfu                            0x20000ec4   Data           4  timer.o(.data)
    da_out                                   0x20000ec8   Data           4  timer.o(.data)
    FY_encoder_Flag                          0x20000ecc   Data           4  timer.o(.data)
    FW_encoder_Flag                          0x20000ed0   Data           4  timer.o(.data)
    GuangxianGuandao_Flag                    0x20000ed4   Data           4  timer.o(.data)
    FW_zero_degree_fu                        0x20000ed8   Data           4  timer.o(.data)
    FW_zero_degree_zheng                     0x20000edc   Data           4  timer.o(.data)
    FY_zero_degree                           0x20000ee0   Data           4  timer.o(.data)
    fpgaUpdateFlag                           0x20000ee4   Data           2  timer.o(.data)
    FW_BuJin_Time_Count                      0x20000ee8   Data           4  timer.o(.data)
    FW_BuJin_Flag                            0x20000eec   Data           4  timer.o(.data)
    FW_BuJin_LiangCheng_Degree               0x20000ef0   Data           4  timer.o(.data)
    FW_BuJin_Time                            0x20000ef4   Data           4  timer.o(.data)
    FW_BuJin_SuDu                            0x20000ef8   Data           4  timer.o(.data)
    FW_BuJin_Count                           0x20000efc   Data           4  timer.o(.data)
    FW_BuJin_degree_Start                    0x20000f00   Data           4  timer.o(.data)
    FW_BuJin_degree_out                      0x20000f04   Data           4  timer.o(.data)
    FW_BuJin_Direct                          0x20000f08   Data           4  timer.o(.data)
    FW_BuJin_limit                           0x20000f0c   Data           4  timer.o(.data)
    FW_BuJin_degree_step                     0x20000f10   Data           4  timer.o(.data)
    FY_BuJin_Flag                            0x20000f14   Data           4  timer.o(.data)
    FY_BuJin_Count                           0x20000f18   Data           4  timer.o(.data)
    FY_BuJin_LiangCheng_Degree               0x20000f1c   Data           4  timer.o(.data)
    FY_BuJin_Time                            0x20000f20   Data           4  timer.o(.data)
    FY_BuJin_SuDu                            0x20000f24   Data           4  timer.o(.data)
    FY_BuJin_degree_Start                    0x20000f28   Data           4  timer.o(.data)
    FY_BuJin_degree_out                      0x20000f2c   Data           4  timer.o(.data)
    FY_BuJin_Direct                          0x20000f30   Data           4  timer.o(.data)
    FY_BuJin_limit                           0x20000f34   Data           4  timer.o(.data)
    FY_BuJin_degree_step                     0x20000f38   Data           4  timer.o(.data)
    step_open_flag                           0x20000f3c   Data           1  timer.o(.data)
    diaoyong_cnt                             0x20000f40   Data           4  timer.o(.data)
    step_design_set                          0x20000f44   Data           4  timer.o(.data)
    step_design_set_prepass                  0x20000f48   Data           4  timer.o(.data)
    cnt_Step                                 0x20000f4c   Data           4  timer.o(.data)
    Time_Long                                0x20000f50   Data           4  timer.o(.data)
    ScanAngleRang                            0x20000f54   Data           4  timer.o(.data)
    FY_ScanAngleRang                         0x20000f58   Data           4  timer.o(.data)
    FW_ScanStepLength                        0x20000f5c   Data           4  timer.o(.data)
    Scan_StepCount                           0x20000f60   Data           4  timer.o(.data)
    FW_Scan_StartAngle                       0x20000f64   Data           4  timer.o(.data)
    FY_Scan_StartAngle                       0x20000f68   Data           4  timer.o(.data)
    Scan_Direction                           0x20000f6c   Data           4  timer.o(.data)
    FW_Scan_StopAngle                        0x20000f70   Data           4  timer.o(.data)
    FW_Direction                             0x20000f74   Data           4  timer.o(.data)
    huanxiangzheng_flag                      0x20000f78   Data           4  timer.o(.data)
    FY_Direction                             0x20000f7c   Data           4  timer.o(.data)
    Flag_Com_Direction                       0x20000f80   Data           4  timer.o(.data)
    Scan_Number                              0x20000f84   Data           1  timer.o(.data)
    Give_Scan_Number                         0x20000f85   Data           1  timer.o(.data)
    Cha                                      0x20000f88   Data           4  timer.o(.data)
    FW_encoder_degrees_lowpass               0x20000f8c   Data           4  timer.o(.data)
    Send                                     0x20000f90   Data           4  timer.o(.data)
    jisuan_TIME                              0x20000f94   Data           4  timer.o(.data)
    Time_LY                                  0x20000f98   Data           4  timer.o(.data)
    FW_yunsu_sudu                            0x20000f9c   Data           4  timer.o(.data)
    FW_yunsu_sudu_1                          0x20000fa0   Data           4  timer.o(.data)
    FY_yunsu_sudu_1                          0x20000fa4   Data           4  timer.o(.data)
    Old_yunsu                                0x20000fa8   Data           4  timer.o(.data)
    yunsu_cnt                                0x20000fac   Data           4  timer.o(.data)
    FY_yunsu_sudu                            0x20000fb0   Data           4  timer.o(.data)
    MaiChong_cnt                             0x20000fb4   Data           4  timer.o(.data)
    fasong_cnt                               0x20000fb8   Data           4  timer.o(.data)
    once_flag                                0x20000fbc   Data           4  timer.o(.data)
    FW_JueDui_StartAngle                     0x20000fc0   Data           4  timer.o(.data)
    LY_Flag                                  0x20000fc4   Data           4  timer.o(.data)
    WaiTong_CNT                              0x20000fc8   Data           4  timer.o(.data)
    WuCha                                    0x20000fcc   Data           4  timer.o(.data)
    watchi                                   0x20000fd0   Data           4  timer.o(.data)
    TX_watch                                 0x20000fd4   Data           4  timer.o(.data)
    Ma_watch                                 0x20000fd8   Data           4  timer.o(.data)
    watchi1                                  0x20000fdc   Data           4  timer.o(.data)
    CaiJi_CNT                                0x20000fe0   Data           4  timer.o(.data)
    yunsu_zheng                              0x20000fe4   Data           4  timer.o(.data)
    yunsu_fu                                 0x20000fe8   Data           4  timer.o(.data)
    FW_yunsu_StopAngle                       0x20000fec   Data           4  timer.o(.data)
    FW_yunsu_StartAngle                      0x20000ff0   Data           4  timer.o(.data)
    TuoLuo_Flag                              0x20000ff4   Data           1  timer.o(.data)
    camera_arry_cnt                          0x20000ff8   Data           4  timer.o(.data)
    miss_distance_flag                       0x20000ffc   Data           1  timer.o(.data)
    miss_distance_cnt                        0x20000ffd   Data           1  timer.o(.data)
    chakan1                                  0x20000ffe   Data           1  timer.o(.data)
    chakan2                                  0x20000fff   Data           1  timer.o(.data)
    miss_distance_X_float_start1             0x20001000   Data           4  timer.o(.data)
    miss_distance_X_float_start2             0x20001004   Data           4  timer.o(.data)
    miss_distance_X_float_end1               0x20001008   Data           4  timer.o(.data)
    miss_distance_X_float_sub1               0x2000100c   Data           4  timer.o(.data)
    miss_distance_X_float_end2               0x20001010   Data           4  timer.o(.data)
    miss_distance_X_float_sub2               0x20001014   Data           4  timer.o(.data)
    miss_distance_X_float_end3               0x20001018   Data           4  timer.o(.data)
    miss_distance_X_float_sub3               0x2000101c   Data           4  timer.o(.data)
    miss_distance_X_float_end4               0x20001020   Data           4  timer.o(.data)
    miss_distance_X_float_sub4               0x20001024   Data           4  timer.o(.data)
    miss_distance_X_float_end5               0x20001028   Data           4  timer.o(.data)
    miss_distance_X_float_sub5               0x2000102c   Data           4  timer.o(.data)
    miss_distance_X_float_end6               0x20001030   Data           4  timer.o(.data)
    miss_distance_X_float_sub6               0x20001034   Data           4  timer.o(.data)
    miss_distance_X_float_end7               0x20001038   Data           4  timer.o(.data)
    miss_distance_X_float_sub7               0x2000103c   Data           4  timer.o(.data)
    miss_distance_X_float_end8               0x20001040   Data           4  timer.o(.data)
    miss_distance_X_float_sub8               0x20001044   Data           4  timer.o(.data)
    miss_distance_X_float_end9               0x20001048   Data           4  timer.o(.data)
    miss_distance_X_float_sub9               0x2000104c   Data           4  timer.o(.data)
    miss_distance_X_float_end10              0x20001050   Data           4  timer.o(.data)
    miss_distance_X_float_sub10              0x20001054   Data           4  timer.o(.data)
    miss_distance_X_float_endsum1            0x20001058   Data           4  timer.o(.data)
    miss_distance_X_float_ave                0x2000105c   Data           4  timer.o(.data)
    miss_distance_X_float_endsum2            0x20001060   Data           4  timer.o(.data)
    TEST_Change                              0x20001064   Data           4  timer.o(.data)
    step_sin_value                           0x20001068   Data           4  timer.o(.data)
    step_sin_cnt                             0x2000106c   Data           4  timer.o(.data)
    FW_step_chafen_speed                     0x20001070   Data           4  timer.o(.data)
    FY_step_chafen_speed                     0x20001074   Data           4  timer.o(.data)
    global_FW_step_piror                     0x20001078   Data           4  timer.o(.data)
    global_FY_step_piror                     0x2000107c   Data           4  timer.o(.data)
    TuoBa_Set_CNT                            0x20001080   Data           1  timer.o(.data)
    FW_encoder_TuoBa_Set                     0x20001084   Data           4  timer.o(.data)
    FY_encoder_TuoBa_Set                     0x20001088   Data           4  timer.o(.data)
    PT_CNT                                   0x2000108c   Data           4  timer.o(.data)
    PT_FY_miss_distance_sub                  0x20001090   Data           4  timer.o(.data)
    PT_miss_distance_Y_float_last            0x20001094   Data           4  timer.o(.data)
    PT_FW_miss_distance_sub                  0x20001098   Data           4  timer.o(.data)
    PT_miss_distance_X_float_last            0x2000109c   Data           4  timer.o(.data)
    slave_CNT                                0x200010a0   Data           2  timer.o(.data)
    slaveX_CNT                               0x200010a2   Data           2  timer.o(.data)
    z_int                                    0x200010a4   Data           4  timer.o(.data)
    Scan_cnt_ly                              0x200010a8   Data           4  timer.o(.data)
    YunSu_cnt_ly                             0x200010ac   Data           4  timer.o(.data)
    JieYue_cnt                               0x200010b0   Data           4  timer.o(.data)
    Change_flag_ly                           0x200010b4   Data           1  timer.o(.data)
    yaw_offset_val                           0x200010b8   Data           4  timer.o(.data)
    pitch_offset_val                         0x200010bc   Data           4  timer.o(.data)
    roll_offset_val                          0x200010c0   Data           4  timer.o(.data)
    ZJS_CNT                                  0x200010c4   Data           2  timer.o(.data)
    ly_zjs                                   0x200010c6   Data           2  timer.o(.data)
    CeShi_CNT                                0x200010c8   Data           2  timer.o(.data)
    miss_distance_X_float_LowpassBefore      0x200010cc   Data           4  timer.o(.data)
    miss_distance_Y_float_LowpassBefore      0x200010d0   Data           4  timer.o(.data)
    FW_miss_distance_lowpass_ly              0x200010d4   Data           4  timer.o(.data)
    FY_miss_distance_lowpass_ly              0x200010d8   Data           4  timer.o(.data)
    lowpass_flat                             0x200010dc   Data           1  timer.o(.data)
    ave_k                                    0x200010e0   Data           4  timer.o(.data)
    miss_Watch_CNT                           0x200010e4   Data           2  timer.o(.data)
    JiTing_Set_CNT                           0x200010e6   Data           1  timer.o(.data)
    JiTing_ZhongDuan_CNT                     0x200010e7   Data           1  timer.o(.data)
    FW_encoder_JiTing_Set                    0x200010e8   Data           4  timer.o(.data)
    FY_encoder_JiTinga_Set                   0x200010ec   Data           4  timer.o(.data)
    KongJianZhiXiang_CNT                     0x200010f0   Data           2  timer.o(.data)
    KongJianZhiXiang_FW                      0x200010f4   Data           4  timer.o(.data)
    KongJianZhiXiang_FY                      0x200010f8   Data           4  timer.o(.data)
    ZhiXiang_Complete_Flag                   0x200010fc   Data           2  timer.o(.data)
    GuiLingFlag                              0x200010fe   Data           1  timer.o(.data)
    FW_Xian_Left                             0x200010ff   Data           1  timer.o(.data)
    FW_Xian_Right                            0x20001100   Data           1  timer.o(.data)
    FW_LY_CNT                                0x20001104   Data           4  timer.o(.data)
    last_position_flag                       0x20001108   Data           1  timer.o(.data)
    GXKJ_FW                                  0x2000110c   Data           4  timer.o(.data)
    GXKJ_FY                                  0x20001110   Data           4  timer.o(.data)
    Test_XiangWei                            0x20001114   Data           1  timer.o(.data)
    start_flat                               0x20001115   Data           1  timer.o(.data)
    start_CNT                                0x20001116   Data           1  timer.o(.data)
    Position_begin                           0x20001118   Data           4  timer.o(.data)
    Encoder_Start                            0x2000111c   Data           4  timer.o(.data)
    GD_angle                                 0x20001120   Data           4  timer.o(.data)
    FW_Space                                 0x20001124   Data           4  timer.o(.data)
    FY_Space                                 0x20001128   Data           4  timer.o(.data)
    v_zhixiang_num_zero                      0x2000112c   Data           4  timer.o(.data)
    FY_OFSET                                 0x20001130   Data           4  timer.o(.data)
    FW_OFSET                                 0x20001134   Data           4  timer.o(.data)
    Change_FW_ki                             0x20001138   Data           4  timer.o(.data)
    Change_limit                             0x2000113c   Data           4  timer.o(.data)
    yaw_attitude_change                      0x20001140   Data           4  timer.o(.data)
    ly_GD_flag                               0x20001144   Data           1  timer.o(.data)
    ZhenPin                                  0x20001148   Data           4  timer.o(.data)
    OutSpeedCnt                              0x2000114c   Data           2  timer.o(.data)
    CntFW                                    0x2000114e   Data           2  timer.o(.data)
    SpeedNowFW                               0x20001150   Data           4  timer.o(.data)
    MaxPosition                              0x20001154   Data           4  timer.o(.data)
    MinPosition                              0x20001158   Data           4  timer.o(.data)
    OutSpeedFrequency                        0x2000115c   Data           4  timer.o(.data)
    OutCount                                 0x20001160   Data           2  timer.o(.data)
    FrequencyCnt                             0x20001162   Data           2  timer.o(.data)
    OutSpeedAmp                              0x20001164   Data           4  timer.o(.data)
    Camera_Config_cnt                        0x20001168   Data           1  timer.o(.data)
    Camer_Set_CNT                            0x20001169   Data           1  timer.o(.data)
    FW_Choose_Mode                           0x2000116a   Data           1  timer.o(.data)
    FY_Choose_Mode                           0x2000116b   Data           1  timer.o(.data)
    FW_Speed_Position                        0x2000116c   Data           4  timer.o(.data)
    Test_ZhenPin_CNT                         0x20001170   Data           2  timer.o(.data)
    ZhenPin_1                                0x20001172   Data           2  timer.o(.data)
    ZhenPin_2                                0x20001174   Data           2  timer.o(.data)
    GS_Trace_flag                            0x20001178   Data           4  timer.o(.data)
    Mod_Exechange_Flag                       0x2000117c   Data           4  timer.o(.data)
    saopin_fuzhi                             0x20001180   Data           4  timer.o(.data)
    saopin_pinlv                             0x20001184   Data           4  timer.o(.data)
    saopin_pianzhi                           0x20001188   Data           4  timer.o(.data)
    EXTI_CNT                                 0x2000118c   Data           1  timer.o(.data)
    LY_flag_N                                0x2000118d   Data           1  timer.o(.data)
    A                                        0x2000118e   Data           1  timer.o(.data)
    a_i                                      0x20001190   Data           2  timer.o(.data)
    Write_485_CNT                            0x20001192   Data           2  timer.o(.data)
    FY_encoder_quzhi                         0x20001194   Data           4  timer.o(.data)
    usart_5_num                              0x20001198   Data           1  timer.o(.data)
    usart_count1                             0x20001199   Data           1  timer.o(.data)
    ltou_true                                0x2000119c   Data           4  timer.o(.data)
    lwei_true                                0x200011a0   Data           4  timer.o(.data)
    lhe_true                                 0x200011a4   Data           4  timer.o(.data)
    zhenjishu_last                           0x200011a8   Data           4  timer.o(.data)
    Gyro_InterruptCnt1                       0x200011ac   Data           4  timer.o(.data)
    Gyro_InterruptCnt2                       0x200011b0   Data           4  timer.o(.data)
    Gyro_InterruptCnt3                       0x200011b4   Data           4  timer.o(.data)
    Gyro_InterruptCnt4                       0x200011b8   Data           4  timer.o(.data)
    Gyro_InterruptTrue                       0x200011bc   Data           4  timer.o(.data)
    x1_axis_velocity_float                   0x200011c0   Data           4  timer.o(.data)
    y1_axis_velocity_float                   0x200011c4   Data           4  timer.o(.data)
    z1_axis_velocity_float                   0x200011c8   Data           4  timer.o(.data)
    count_Test_1                             0x200011cc   Data           4  timer.o(.data)
    count_Test_2                             0x200011d0   Data           4  timer.o(.data)
    x_axis_velocity_1msdistance_sum1         0x200011d4   Data           4  timer.o(.data)
    aa_test                                  0x200011d8   Data           4  timer.o(.data)
    touluo_InterruptCnt1                     0x200011dc   Data           4  timer.o(.data)
    touluo_InterruptCnt2                     0x200011e0   Data           4  timer.o(.data)
    touluo_InterruptCnt3                     0x200011e4   Data           4  timer.o(.data)
    touluo_InterruptTrue                     0x200011e8   Data           4  timer.o(.data)
    touluo_InterruptCnt1_Y                   0x200011ec   Data           4  timer.o(.data)
    touluo_InterruptCnt2_Y                   0x200011f0   Data           4  timer.o(.data)
    touluo_InterruptCnt3_Y                   0x200011f4   Data           4  timer.o(.data)
    touluo_InterruptTrue_Y                   0x200011f8   Data           4  timer.o(.data)
    YunSu_Direction_ly                       0x200011fc   Data           4  yunsufunction.o(.data)
    FW_YunSu_StopAngle_ly                    0x20001200   Data           4  yunsufunction.o(.data)
    FW_YunSu_StartAngle_ly                   0x20001204   Data           4  yunsufunction.o(.data)
    YunSuAngleRang_ly                        0x20001208   Data           4  yunsufunction.o(.data)
    Flag_YunSu_Direction_ly                  0x2000120c   Data           4  yunsufunction.o(.data)
    FW_YunSu_Direction_ly                    0x20001210   Data           4  yunsufunction.o(.data)
    FY_YunSu_Direction_ly                    0x20001214   Data           4  yunsufunction.o(.data)
    YunSu_PanFangXiang                       0x20001218   Data           4  yunsufunction.o(.data)
    FY_YunSuAngleRang_ly                     0x2000121c   Data           4  yunsufunction.o(.data)
    FY_YunSu_Zhixing_ly                      0x20001220   Data           4  yunsufunction.o(.data)
    YunSu_Start_cnt                          0x20001224   Data           1  yunsufunction.o(.data)
    YunSu_Time_Long_ly                       0x20001228   Data           4  yunsufunction.o(.data)
    FW_YunSuStepLength_ly                    0x2000122c   Data           4  yunsufunction.o(.data)
    YunSu_step_design_set_ly                 0x20001230   Data           4  yunsufunction.o(.data)
    huanXiang_flag                           0x20001234   Data           4  yunsufunction.o(.data)
    X1_ly_cnt                                0x20001238   Data           4  yunsufunction.o(.data)
    X2_ly_cnt                                0x2000123c   Data           2  yunsufunction.o(.data)
    SpaceSetValueFY_Set                      0x20001240   Data           4  yunsufunction.o(.data)
    YunSu_POINT_FLAG                         0x20001244   Data           1  yunsufunction.o(.data)
    KongJianZhiXiang_FWYunSu                 0x20001248   Data           4  yunsufunction.o(.data)
    KongJianZhiXiang_FYYunSu                 0x2000124c   Data           4  yunsufunction.o(.data)
    ZhiXiang_Complete_FlagYunSu              0x20001250   Data           1  yunsufunction.o(.data)
    YunSu_FW_Zero                            0x20001254   Data           4  yunsufunction.o(.data)
    YunSu_FY_Zero                            0x20001258   Data           4  yunsufunction.o(.data)
    YunSuFunction_Number                     0x2000125c   Data           2  yunsufunction.o(.data)
    FPGA_485_ADDR                            0x20001260   Data           4  fy_485.o(.data)
    Mode_Chose                               0x20001264   Data           1  fy_485.o(.data)
    FY_Target_Position                       0x20001268   Data           4  fy_485.o(.data)
    FY_Speed_Position                        0x2000126c   Data           4  fy_485.o(.data)
    Buff_Target                              0x20001270   Data           8  fy_485.o(.data)
    Voltage                                  0x20001278   Data           4  fy_485.o(.data)
    Read_485Flag                             0x2000127c   Data           4  fy_485.o(.data)
    Buff_Speed                               0x20001280   Data           8  fy_485.o(.data)
    FY_485_encoder                           0x20001288   Data           2  fy_485.o(.data)
    FY_485_encoder_degrees                   0x2000128c   Data           4  fy_485.o(.data)
    FY_485_encoder_float                     0x20001290   Data           4  fy_485.o(.data)
    FY_485_Speed                             0x20001294   Data           2  fy_485.o(.data)
    FY_485_SpeedFloat                        0x20001298   Data           4  fy_485.o(.data)
    FW_angle_X                               0x2000129c   Data           4  saomiao.o(.data)
    FY_angle_Y                               0x200012a0   Data           4  saomiao.o(.data)
    FW_X                                     0x200012a4   Data           4  saomiao.o(.data)
    FY_Y                                     0x200012a8   Data           4  saomiao.o(.data)
    SF_i                                     0x200012ac   Data           1  usart.o(.data)
    SF_ADDR_tmp                              0x200012b0   Data           4  usart.o(.data)
    SF_COMFalg                               0x200012b4   Data           2  usart.o(.data)
    SF_COMFalg_H                             0x200012b6   Data           2  usart.o(.data)
    __stdout                                 0x200012b8   Data           4  usart.o(.data)
    USART_RX_BUF                             0x200012bc   Data           4  usart.o(.data)
    USART_RX_STA                             0x200012c0   Data           2  usart.o(.data)
    Res                                      0x200012c2   Data           1  usart.o(.data)
    cnt                                      0x200012c4   Data           2  usart.o(.data)
    GS_Suidong_Flag                          0x200012c8   Data           4  receive_send_data.o(.data)
    GS_Suidong_offset_FW                     0x200012cc   Data           4  receive_send_data.o(.data)
    GS_Suidong_offset_FY                     0x200012d0   Data           4  receive_send_data.o(.data)
    Suidong_jishu                            0x200012d4   Data           4  receive_send_data.o(.data)
    FY_Degree_GS_suidong                     0x200012d8   Data           4  receive_send_data.o(.data)
    FW_Degree_GS_suidong                     0x200012dc   Data           4  receive_send_data.o(.data)
    baochang                                 0x200012e0   Data           2  receive_send_data.o(.data)
    jieshoushijian                           0x200012e2   Data           2  receive_send_data.o(.data)
    zhenjishu                                0x200012e4   Data           4  receive_send_data.o(.data)
    genzon_biaozhi                           0x200012e8   Data           4  receive_send_data.o(.data)
    Four_Quadrant_bit_X                      0x200012ec   Data           4  receive_send_data.o(.data)
    Four_Quadrant_bit_Y                      0x200012f0   Data           4  receive_send_data.o(.data)
    Shangweiji_Pitch_Angle_Value_prepass     0x200012f4   Data           4  receive_send_data.o(.data)
    Tuoluo_bit_float12                       0x200012f8   Data           4  receive_send_data.o(.data)
    Tuoluo_bit_float11                       0x200012fc   Data           4  receive_send_data.o(.data)
    Tuoluo_bit_float_k                       0x20001300   Data           4  receive_send_data.o(.data)
    Tuoluo_bit_float_k1                      0x20001304   Data           4  receive_send_data.o(.data)
    Tuoluo_bit_float1                        0x20001308   Data           4  receive_send_data.o(.data)
    Tuoluo_bit_float_Y1                      0x2000130c   Data           4  receive_send_data.o(.data)
    Tuoluo_bit_float                         0x20001310   Data           4  receive_send_data.o(.data)
    Tuoluo_bit_float_Y                       0x20001314   Data           4  receive_send_data.o(.data)
    Tuoluo_bit_u32_X1                        0x20001318   Data           4  receive_send_data.o(.data)
    Tuoluo_bit_u32_Y1                        0x2000131c   Data           4  receive_send_data.o(.data)
    XunHuan_Ma                               0x20001320   Data           1  receive_send_data.o(.data)
    Receive_XunHuan_Ma_low                   0x20001321   Data           1  receive_send_data.o(.data)
    Receive_XunHuan_Ma_high                  0x20001322   Data           1  receive_send_data.o(.data)
    Send_XunHuan_Ma_TX                       0x20001323   Data           1  receive_send_data.o(.data)
    Receive_Direction_Angle_Value            0x20001324   Data           4  receive_send_data.o(.data)
    Receive_Pitch_Angle_Value                0x20001328   Data           4  receive_send_data.o(.data)
    Receive_IP                               0x2000132c   Data           1  receive_send_data.o(.data)
    Receive_suidong_IP                       0x2000132d   Data           1  receive_send_data.o(.data)
    Temp_32_Receive                          0x20001330   Data           4  receive_send_data.o(.data)
    cugenzongmoshi                           0x20001334   Data           4  receive_send_data.o(.data)
    cugenzongzhiling                         0x20001338   Data           4  receive_send_data.o(.data)
    Send_Direction_Angle_AnswerValue         0x2000133c   Data           4  receive_send_data.o(.data)
    Send_Pitch_Angle_AnswerValue             0x20001340   Data           4  receive_send_data.o(.data)
    FW_Jixia_tuoba_degrees                   0x20001344   Data           4  receive_send_data.o(.data)
    FY_Jixia_tuoba_degrees                   0x20001348   Data           4  receive_send_data.o(.data)
    FX_JixiaTuoluo_bit_float                 0x2000134c   Data           4  receive_send_data.o(.data)
    FY_JixiaTuoluo_bit_float                 0x20001350   Data           4  receive_send_data.o(.data)
    Send_Four_Quadrant_bit_X                 0x20001354   Data           4  receive_send_data.o(.data)
    Send_Four_Quadrant_bit_Y                 0x20001358   Data           4  receive_send_data.o(.data)
    Send_com_En                              0x2000135c   Data           4  receive_send_data.o(.data)
    Send_gai_Status                          0x20001360   Data           1  receive_send_data.o(.data)
    Send_mode                                0x20001361   Data           1  receive_send_data.o(.data)
    Send_Status                              0x20001362   Data           1  receive_send_data.o(.data)
    FY_Xianwei                               0x20001363   Data           1  receive_send_data.o(.data)
    Send_Err1                                0x20001364   Data           1  receive_send_data.o(.data)
    Send_Err2                                0x20001365   Data           1  receive_send_data.o(.data)
    Send_CAMERA_Err                          0x20001366   Data           1  receive_send_data.o(.data)
    POS_SP_SWITCH                            0x20001368   Data           4  receive_send_data.o(.data)
    Shangweiji_Data_len                      0x2000136c   Data           1  receive_send_data.o(.data)
    Shangweiji_Command                       0x2000136d   Data           1  receive_send_data.o(.data)
    Shangweiji_Direction_Angle_Value         0x20001370   Data           4  receive_send_data.o(.data)
    Shangweiji_Pitch_Angle_Value             0x20001374   Data           4  receive_send_data.o(.data)
    GS_Suidong_FW                            0x20001378   Data           4  receive_send_data.o(.data)
    GS_Suidong_chafen_FW                     0x2000137c   Data           4  receive_send_data.o(.data)
    GS_Suidong_chafen_FY                     0x20001380   Data           4  receive_send_data.o(.data)
    GS_Suidong_FW_before                     0x20001384   Data           4  receive_send_data.o(.data)
    GS_Suidong_FY_before                     0x20001388   Data           4  receive_send_data.o(.data)
    GS_Suidong_FY                            0x2000138c   Data           4  receive_send_data.o(.data)
    Shangweiji_Direction_Angle_prepass       0x20001390   Data           4  receive_send_data.o(.data)
    Shangweiji_Send_time                     0x20001394   Data           4  receive_send_data.o(.data)
    BaoJishu_Ma                              0x20001398   Data           1  receive_send_data.o(.data)
    Shineng_biaozhi                          0x20001399   Data           1  receive_send_data.o(.data)
    lici_biaozhi                             0x2000139a   Data           1  receive_send_data.o(.data)
    touluo_Cnt1                              0x2000139c   Data           4  receive_send_data.o(.data)
    touluo_Cnt2                              0x200013a0   Data           4  receive_send_data.o(.data)
    touluo_Cnt3                              0x200013a4   Data           4  receive_send_data.o(.data)
    touluo_Cnt4                              0x200013a8   Data           4  receive_send_data.o(.data)
    touluo_True                              0x200013ac   Data           4  receive_send_data.o(.data)
    MissKx                                   0x200013b0   Data           4  receive_send_data.o(.data)
    MissKy                                   0x200013b4   Data           4  receive_send_data.o(.data)
    tt                                       0x200013b8   Data           1  receive_send_data.o(.data)
    sinBodeCount                             0x200013c0   Data           4  deg_inversesolution.o(.data)
    sinStepAdd                               0x200013c4   Data           4  deg_inversesolution.o(.data)
    sinBodeNUM                               0x200013c8   Data           4  deg_inversesolution.o(.data)
    FW_Degree_GS                             0x200013d0   Data           8  deg_inversesolution.o(.data)
    FY_Degree_GS                             0x200013d8   Data           8  deg_inversesolution.o(.data)
    FW_Degree_Before                         0x200013e0   Data           8  deg_inversesolution.o(.data)
    FY_Degree_Before                         0x200013e8   Data           8  deg_inversesolution.o(.data)
    Deg_1_Before                             0x200013f0   Data           8  deg_inversesolution.o(.data)
    Deg_2_Before                             0x200013f8   Data           8  deg_inversesolution.o(.data)
    Deg_1_1                                  0x20001400   Data           4  deg_inversesolution.o(.data)
    Deg_2_1                                  0x20001404   Data           4  deg_inversesolution.o(.data)
    Deg_shang                                0x20001408   Data           8  deg_inversesolution.o(.data)
    jiao1                                    0x20001410   Data           8  deg_inversesolution.o(.data)
    jiao2                                    0x20001418   Data           8  deg_inversesolution.o(.data)
    jiao3                                    0x20001420   Data           8  deg_inversesolution.o(.data)
    jiao4                                    0x20001428   Data           8  deg_inversesolution.o(.data)
    jiao_1                                   0x20001430   Data           8  deg_inversesolution.o(.data)
    jiao_2                                   0x20001438   Data           8  deg_inversesolution.o(.data)
    g                                        0x20001440   Data           8  deg_inversesolution.o(.data)
    fai                                      0x20001448   Data           8  deg_inversesolution.o(.data)
    fangwei                                  0x20001450   Data           8  deg_inversesolution.o(.data)
    i_gs                                     0x20001458   Data           4  deg_inversesolution.o(.data)
    jianchashuzhi                            0x20001460   Data           8  deg_inversesolution.o(.data)
    Deadscale_Flag                           0x20001468   Data           4  deg_inversesolution.o(.data)
    check_flag                               0x2000146c   Data           4  deg_inversesolution.o(.data)
    Deg_count1                               0x20001470   Data           4  deg_inversesolution.o(.data)
    Deg_count2                               0x20001474   Data           4  deg_inversesolution.o(.data)
    degree1_before                           0x20001478   Data           8  deg_inversesolution.o(.data)
    degree2_before                           0x20001480   Data           8  deg_inversesolution.o(.data)
    GuanDao_Data                             0x20001488   Data           4  writeguandao.o(.data)
    GuanDao_InData                           0x2000148c   Data           4  writeguandao.o(.data)
    GuanDao_ShortData                        0x20001490   Data           2  writeguandao.o(.data)
    GunDao_cnt                               0x20001492   Data           2  writeguandao.o(.data)
    Sum_GuanDao                              0x20001494   Data           1  writeguandao.o(.data)
    WRGuanDao_CNT                            0x20001496   Data           2  writeguandao.o(.data)
    WeiDu                                    0x20001498   Data           4  writeguandao.o(.data)
    JingDu                                   0x2000149c   Data           4  writeguandao.o(.data)
    GaoDu                                    0x200014a0   Data           4  writeguandao.o(.data)
    SystemCoreClock                          0x200014b4   Data           4  system_stm32f4xx.o(.data)
    AHBPrescTable                            0x200014b8   Data          16  system_stm32f4xx.o(.data)
    AB_TXData                                0x200014c8   Data         100  aaa.o(.bss)
    AA_TXData                                0x2000152c   Data         100  aaa.o(.bss)
    AA_Data                                  0x20001590   Data         100  aaa.o(.bss)
    ControlFineTracking_Protocol             0x200015f4   Data          46  aaa.o(.bss)
    Read_JiaoYanHouShuJu                     0x20001622   Data          46  aaa.o(.bss)
    DaBaoFaSong_Data                         0x20001650   Data          41  aaa.o(.bss)
    a                                        0x20001679   Data          41  aaa.o(.bss)
    PZdataWX                                 0x200016a2   Data          38  aaa.o(.bss)
    AB_Data                                  0x200016c8   Data          50  aaa.o(.bss)
    PZdataRX                                 0x200016fa   Data          30  main.o(.bss)
    fsmTustinBz                              0x20001718   Data          32  fsmcompensator.o(.bss)
    fsmTustinBs                              0x20001738   Data          32  fsmcompensator.o(.bss)
    fsmTustinAz                              0x20001758   Data          32  fsmcompensator.o(.bss)
    fsmTustinAs                              0x20001778   Data          32  fsmcompensator.o(.bss)
    erFsm1                                   0x20001798   Data         288  fsmcompensator.o(.bss)
    euFsm1                                   0x200018b8   Data         288  fsmcompensator.o(.bss)
    erFsm2                                   0x200019d8   Data         288  fsmcompensator.o(.bss)
    euFsm2                                   0x20001af8   Data         288  fsmcompensator.o(.bss)
    fsmFilt1B0                               0x20001c18   Data          96  fsmcompensator.o(.bss)
    fsmFilt1B1                               0x20001c78   Data          96  fsmcompensator.o(.bss)
    fsmFilt1A1                               0x20001cd8   Data          96  fsmcompensator.o(.bss)
    fsmFilt2B0                               0x20001d38   Data          96  fsmcompensator.o(.bss)
    fsmFilt2B1                               0x20001d98   Data          96  fsmcompensator.o(.bss)
    fsmFilt2B2                               0x20001df8   Data          96  fsmcompensator.o(.bss)
    fsmFilt2A1                               0x20001e58   Data          96  fsmcompensator.o(.bss)
    fsmFilt2A2                               0x20001eb8   Data          96  fsmcompensator.o(.bss)
    fsmFilt3B0                               0x20001f18   Data          96  fsmcompensator.o(.bss)
    fsmFilt3B1                               0x20001f78   Data          96  fsmcompensator.o(.bss)
    fsmFilt3B2                               0x20001fd8   Data          96  fsmcompensator.o(.bss)
    fsmFilt3B3                               0x20002038   Data          96  fsmcompensator.o(.bss)
    fsmFilt3A1                               0x20002098   Data          96  fsmcompensator.o(.bss)
    fsmFilt3A2                               0x200020f8   Data          96  fsmcompensator.o(.bss)
    fsmFilt3A3                               0x20002158   Data          96  fsmcompensator.o(.bss)
    fsmTao1_wn                               0x200021b8   Data          96  fsmcompensator.o(.bss)
    fsmTao2_kesi                             0x20002218   Data          96  fsmcompensator.o(.bss)
    fsmT1                                    0x20002278   Data          96  fsmcompensator.o(.bss)
    fsmT2                                    0x200022d8   Data          96  fsmcompensator.o(.bss)
    saveData                                 0x20002338   Data         800  fsmcompensator.o(.bss)
    fsmTustinBz_servo                        0x20002658   Data          24  fsmcompensator_servo.o(.bss)
    fsmTustinBs_servo                        0x20002670   Data          24  fsmcompensator_servo.o(.bss)
    fsmTustinAz_servo                        0x20002688   Data          24  fsmcompensator_servo.o(.bss)
    fsmTustinAs_servo                        0x200026a0   Data          24  fsmcompensator_servo.o(.bss)
    erFsm1_servo                             0x200026b8   Data         240  fsmcompensator_servo.o(.bss)
    euFsm1_servo                             0x200027a8   Data         240  fsmcompensator_servo.o(.bss)
    erFsm2_servo                             0x20002898   Data         240  fsmcompensator_servo.o(.bss)
    euFsm2_servo                             0x20002988   Data         240  fsmcompensator_servo.o(.bss)
    fsmFilt1B0_servo                         0x20002a78   Data          80  fsmcompensator_servo.o(.bss)
    fsmFilt1B1_servo                         0x20002ac8   Data          80  fsmcompensator_servo.o(.bss)
    fsmFilt1A1_servo                         0x20002b18   Data          80  fsmcompensator_servo.o(.bss)
    fsmFilt2B0_servo                         0x20002b68   Data          80  fsmcompensator_servo.o(.bss)
    fsmFilt2B1_servo                         0x20002bb8   Data          80  fsmcompensator_servo.o(.bss)
    fsmFilt2B2_servo                         0x20002c08   Data          80  fsmcompensator_servo.o(.bss)
    fsmFilt2A1_servo                         0x20002c58   Data          80  fsmcompensator_servo.o(.bss)
    fsmFilt2A2_servo                         0x20002ca8   Data          80  fsmcompensator_servo.o(.bss)
    fsmTao1_wn_servo                         0x20002cf8   Data          80  fsmcompensator_servo.o(.bss)
    fsmTao2_kesi_servo                       0x20002d48   Data          80  fsmcompensator_servo.o(.bss)
    fsmT1_servo                              0x20002d98   Data          80  fsmcompensator_servo.o(.bss)
    fsmT2_servo                              0x20002de8   Data          80  fsmcompensator_servo.o(.bss)
    saveData_servo                           0x20002e38   Data         800  fsmcompensator_servo.o(.bss)
    RxCAN                                    0x20003158   Data          36  stm32f4xx_it.o(.bss)
    SF_TX_touluo_Data_Y                      0x2000317c   Data          10  timer.o(.bss)
    SF_RX_touluo_Data_Y                      0x20003186   Data          10  timer.o(.bss)
    SF_TX_touluo_Data                        0x20003190   Data          10  timer.o(.bss)
    SF_RX_touluo_Data                        0x2000319a   Data          10  timer.o(.bss)
    EncoderData                              0x200031a4   Data          24  timer.o(.bss)
    Encoder_Data                             0x200031bc   Data          24  timer.o(.bss)
    ab                                       0x200031d4   Data        2280  timer.o(.bss)
    read_usart2                              0x20003abc   Data         100  timer.o(.bss)
    read_usart1                              0x20003b20   Data          50  timer.o(.bss)
    read_usart3                              0x20003b52   Data          10  timer.o(.bss)
    read_usart4                              0x20003b5c   Data         200  timer.o(.bss)
    lvds_array1                              0x20003c24   Data         110  timer.o(.bss)
    lvds_array2                              0x20003c92   Data         110  timer.o(.bss)
    read_usart5                              0x20003d00   Data          20  timer.o(.bss)
    FW_send_array                            0x20003d14   Data          40  timer.o(.bss)
    FY_send_array                            0x20003d3c   Data          40  timer.o(.bss)
    CanShu_Read                              0x20003d64   Data          38  timer.o(.bss)
    Watch_CaiJi                              0x20003d8c   Data         880  timer.o(.bss)
    Ma_CaiJi                                 0x200040fc   Data         300  timer.o(.bss)
    Watch_MaiChong_Later                     0x20004228   Data         280  timer.o(.bss)
    camera_arry                              0x20004340   Data        4000  timer.o(.bss)
    watch_slave_X                            0x200052e0   Data        8000  timer.o(.bss)
    watch_slave_Z                            0x20007220   Data        8000  timer.o(.bss)
    ZhenJiShu_ly                             0x20009160   Data        1100  timer.o(.bss)
    zjs                                      0x200095ac   Data        1000  timer.o(.bss)
    miss_Watch                               0x20009994   Data        6000  timer.o(.bss)
    inAngle                                  0x2000b104   Data          12  timer.o(.bss)
    SpeedBode                                0x2000b110   Data         200  timer.o(.bss)
    Data_1_1                                 0x2000b1d8   Data        4000  rms2.o(.bss)
    Data_2                                   0x2000c178   Data        4000  rms2.o(.bss)
    SF_TXData                                0x2000d118   Data          34  usart.o(.bss)
    SF_Data                                  0x2000d13a   Data          34  usart.o(.bss)
    Receive_Data                             0x2000d15c   Data          30  receive_send_data.o(.bss)
    Receive_TXData                           0x2000d17a   Data          49  receive_send_data.o(.bss)
    Receive_DBJ_Data                         0x2000d1ab   Data          13  receive_send_data.o(.bss)
    Shangweiji_Data                          0x2000d1b8   Data          43  receive_send_data.o(.bss)
    WR_GuanDao                               0x2000d1e3   Data          27  writeguandao.o(.bss)
    __libspace_start                         0x2000d200   Data          96  libspace.o(.bss)
    __temporary_stack_top$libspace           0x2000d260   Data           0  libspace.o(.bss)



==============================================================================

Memory Map of the image

  Image Entry point : 0x08000189

  Load Region LR_IROM1 (Base: 0x08000000, Size: 0x0001b6d0, Max: 0x00080000, ABSOLUTE, COMPRESSED[0x0001a510])

    Execution Region ER_IROM1 (Exec base: 0x08000000, Load base: 0x08000000, Size: 0x0001a208, Max: 0x00080000, ABSOLUTE)

    Exec Addr    Load Addr    Size         Type   Attr      Idx    E Section Name        Object

    0x08000000   0x08000000   0x00000188   Data   RO         1119    RESET               startup_stm32f4xx.o
    0x08000188   0x08000188   0x00000008   Code   RO         1666  * !!!main             c_w.l(__main.o)
    0x08000190   0x08000190   0x00000034   Code   RO         2099    !!!scatter          c_w.l(__scatter.o)
    0x080001c4   0x080001c4   0x0000005a   Code   RO         2097    !!dczerorl2         c_w.l(__dczerorl2.o)
    0x0800021e   0x0800021e   0x00000002   PAD
    0x08000220   0x08000220   0x0000001c   Code   RO         2101    !!handler_zi        c_w.l(__scatter_zi.o)
    0x0800023c   0x0800023c   0x00000002   Code   RO         1968    .ARM.Collect$$libinit$$00000000  c_w.l(libinit.o)
    0x0800023e   0x0800023e   0x00000004   Code   RO         1973    .ARM.Collect$$libinit$$00000001  c_w.l(libinit2.o)
    0x08000242   0x08000242   0x00000000   Code   RO         1976    .ARM.Collect$$libinit$$00000004  c_w.l(libinit2.o)
    0x08000242   0x08000242   0x00000000   Code   RO         1979    .ARM.Collect$$libinit$$0000000A  c_w.l(libinit2.o)
    0x08000242   0x08000242   0x00000000   Code   RO         1981    .ARM.Collect$$libinit$$0000000C  c_w.l(libinit2.o)
    0x08000242   0x08000242   0x00000000   Code   RO         1983    .ARM.Collect$$libinit$$0000000E  c_w.l(libinit2.o)
    0x08000242   0x08000242   0x00000000   Code   RO         1986    .ARM.Collect$$libinit$$00000011  c_w.l(libinit2.o)
    0x08000242   0x08000242   0x00000000   Code   RO         1988    .ARM.Collect$$libinit$$00000013  c_w.l(libinit2.o)
    0x08000242   0x08000242   0x00000000   Code   RO         1990    .ARM.Collect$$libinit$$00000015  c_w.l(libinit2.o)
    0x08000242   0x08000242   0x00000000   Code   RO         1992    .ARM.Collect$$libinit$$00000017  c_w.l(libinit2.o)
    0x08000242   0x08000242   0x00000000   Code   RO         1994    .ARM.Collect$$libinit$$00000019  c_w.l(libinit2.o)
    0x08000242   0x08000242   0x00000000   Code   RO         1996    .ARM.Collect$$libinit$$0000001B  c_w.l(libinit2.o)
    0x08000242   0x08000242   0x00000000   Code   RO         1998    .ARM.Collect$$libinit$$0000001D  c_w.l(libinit2.o)
    0x08000242   0x08000242   0x00000000   Code   RO         2000    .ARM.Collect$$libinit$$0000001F  c_w.l(libinit2.o)
    0x08000242   0x08000242   0x00000000   Code   RO         2002    .ARM.Collect$$libinit$$00000021  c_w.l(libinit2.o)
    0x08000242   0x08000242   0x00000000   Code   RO         2004    .ARM.Collect$$libinit$$00000023  c_w.l(libinit2.o)
    0x08000242   0x08000242   0x00000000   Code   RO         2006    .ARM.Collect$$libinit$$00000025  c_w.l(libinit2.o)
    0x08000242   0x08000242   0x00000000   Code   RO         2010    .ARM.Collect$$libinit$$0000002C  c_w.l(libinit2.o)
    0x08000242   0x08000242   0x00000000   Code   RO         2012    .ARM.Collect$$libinit$$0000002E  c_w.l(libinit2.o)
    0x08000242   0x08000242   0x00000000   Code   RO         2014    .ARM.Collect$$libinit$$00000030  c_w.l(libinit2.o)
    0x08000242   0x08000242   0x00000000   Code   RO         2016    .ARM.Collect$$libinit$$00000032  c_w.l(libinit2.o)
    0x08000242   0x08000242   0x00000002   Code   RO         2017    .ARM.Collect$$libinit$$00000033  c_w.l(libinit2.o)
    0x08000244   0x08000244   0x00000002   Code   RO         2037    .ARM.Collect$$libshutdown$$00000000  c_w.l(libshutdown.o)
    0x08000246   0x08000246   0x00000000   Code   RO         2047    .ARM.Collect$$libshutdown$$00000002  c_w.l(libshutdown2.o)
    0x08000246   0x08000246   0x00000000   Code   RO         2049    .ARM.Collect$$libshutdown$$00000004  c_w.l(libshutdown2.o)
    0x08000246   0x08000246   0x00000000   Code   RO         2051    .ARM.Collect$$libshutdown$$00000006  c_w.l(libshutdown2.o)
    0x08000246   0x08000246   0x00000000   Code   RO         2054    .ARM.Collect$$libshutdown$$00000009  c_w.l(libshutdown2.o)
    0x08000246   0x08000246   0x00000000   Code   RO         2057    .ARM.Collect$$libshutdown$$0000000C  c_w.l(libshutdown2.o)
    0x08000246   0x08000246   0x00000000   Code   RO         2059    .ARM.Collect$$libshutdown$$0000000E  c_w.l(libshutdown2.o)
    0x08000246   0x08000246   0x00000000   Code   RO         2062    .ARM.Collect$$libshutdown$$00000011  c_w.l(libshutdown2.o)
    0x08000246   0x08000246   0x00000002   Code   RO         2063    .ARM.Collect$$libshutdown$$00000012  c_w.l(libshutdown2.o)
    0x08000248   0x08000248   0x00000000   Code   RO         1864    .ARM.Collect$$rtentry$$00000000  c_w.l(__rtentry.o)
    0x08000248   0x08000248   0x00000000   Code   RO         1935    .ARM.Collect$$rtentry$$00000002  c_w.l(__rtentry2.o)
    0x08000248   0x08000248   0x00000006   Code   RO         1947    .ARM.Collect$$rtentry$$00000004  c_w.l(__rtentry4.o)
    0x0800024e   0x0800024e   0x00000000   Code   RO         1937    .ARM.Collect$$rtentry$$00000009  c_w.l(__rtentry2.o)
    0x0800024e   0x0800024e   0x00000004   Code   RO         1938    .ARM.Collect$$rtentry$$0000000A  c_w.l(__rtentry2.o)
    0x08000252   0x08000252   0x00000000   Code   RO         1940    .ARM.Collect$$rtentry$$0000000C  c_w.l(__rtentry2.o)
    0x08000252   0x08000252   0x00000008   Code   RO         1941    .ARM.Collect$$rtentry$$0000000D  c_w.l(__rtentry2.o)
    0x0800025a   0x0800025a   0x00000002   Code   RO         1971    .ARM.Collect$$rtexit$$00000000  c_w.l(rtexit.o)
    0x0800025c   0x0800025c   0x00000000   Code   RO         2021    .ARM.Collect$$rtexit$$00000002  c_w.l(rtexit2.o)
    0x0800025c   0x0800025c   0x00000004   Code   RO         2022    .ARM.Collect$$rtexit$$00000003  c_w.l(rtexit2.o)
    0x08000260   0x08000260   0x00000006   Code   RO         2023    .ARM.Collect$$rtexit$$00000004  c_w.l(rtexit2.o)
    0x08000266   0x08000266   0x00000002   PAD
    0x08000268   0x08000268   0x00003504   Code   RO            2    .text               aaa.o
    0x0800376c   0x0800376c   0x00000204   Code   RO          142    .text               main.o
    0x08003970   0x08003970   0x000003dc   Code   RO          311    .text               can.o
    0x08003d4c   0x08003d4c   0x00001bdc   Code   RO          351    .text               elmo.o
    0x08005928   0x08005928   0x0000007c   Code   RO          435    .text               extiz.o
    0x080059a4   0x080059a4   0x000002a4   Code   RO          455    .text               fsmc.o
    0x08005c48   0x08005c48   0x00003c70   Code   RO          470    .text               fsmcompensator.o
    0x080098b8   0x080098b8   0x00001724   Code   RO          489    .text               fsmcompensator_servo.o
    0x0800afdc   0x0800afdc   0x00000334   Code   RO          533    .text               ioinit.o
    0x0800b310   0x0800b310   0x0000028c   Code   RO          552    .text               motoroutputposse.o
    0x0800b59c   0x0800b59c   0x0000017c   Code   RO          572    .text               pointfunction.o
    0x0800b718   0x0800b718   0x00001004   Code   RO          599    .text               positionloop.o
    0x0800c71c   0x0800c71c   0x00000b08   Code   RO          622    .text               servofunction.o
    0x0800d224   0x0800d224   0x000011f8   Code   RO          672    .text               stm32f4xx_it.o
    0x0800e41c   0x0800e41c   0x0000015c   Code   RO          693    .text               stmflash.o
    0x0800e578   0x0800e578   0x00004484   Code   RO          757    .text               timer.o
    0x080129fc   0x080129fc   0x00000200   Code   RO          949    .text               rms2.o
    0x08012bfc   0x08012bfc   0x000001cc   Code   RO          991    .text               saomiao.o
    0x08012dc8   0x08012dc8   0x000005c4   Code   RO         1025    .text               usart.o
    0x0801338c   0x0801338c   0x00001000   Code   RO         1052    .text               receive_send_data.o
    0x0801438c   0x0801438c   0x00000b50   Code   RO         1073    .text               deg_inversesolution.o
    0x08014edc   0x08014edc   0x0000018c   Code   RO         1097    .text               writeguandao.o
    0x08015068   0x08015068   0x00000040   Code   RO         1120    .text               startup_stm32f4xx.o
    0x080150a8   0x080150a8   0x000000e0   Code   RO         1125    .text               misc.o
    0x08015188   0x08015188   0x000009f0   Code   RO         1157    .text               stm32f4xx_can.o
    0x08015b78   0x08015b78   0x0000011c   Code   RO         1317    .text               stm32f4xx_exti.o
    0x08015c94   0x08015c94   0x000004bc   Code   RO         1333    .text               stm32f4xx_flash.o
    0x08016150   0x08016150   0x00000608   Code   RO         1349    .text               stm32f4xx_fsmc.o
    0x08016758   0x08016758   0x0000025c   Code   RO         1365    .text               stm32f4xx_gpio.o
    0x080169b4   0x080169b4   0x00000588   Code   RO         1477    .text               stm32f4xx_rcc.o
    0x08016f3c   0x08016f3c   0x0000008c   Code   RO         1559    .text               stm32f4xx_syscfg.o
    0x08016fc8   0x08016fc8   0x00000ca2   Code   RO         1575    .text               stm32f4xx_tim.o
    0x08017c6a   0x08017c6a   0x00000002   PAD
    0x08017c6c   0x08017c6c   0x0000042e   Code   RO         1591    .text               stm32f4xx_usart.o
    0x0801809a   0x0801809a   0x00000002   PAD
    0x0801809c   0x0801809c   0x00000210   Code   RO         1623    .text               system_stm32f4xx.o
    0x080182ac   0x080182ac   0x00000002   Code   RO         1658    .text               c_w.l(use_no_semi_2.o)
    0x080182ae   0x080182ae   0x00000006   Code   RO         1664    .text               c_w.l(heapauxi.o)
    0x080182b4   0x080182b4   0x00000002   Code   RO         1862    .text               c_w.l(use_no_semi.o)
    0x080182b6   0x080182b6   0x00000016   Code   RO         1865    .text               c_w.l(_rserrno.o)
    0x080182cc   0x080182cc   0x00000008   Code   RO         1952    .text               c_w.l(rt_errno_addr_intlibspace.o)
    0x080182d4   0x080182d4   0x00000008   Code   RO         1956    .text               c_w.l(libspace.o)
    0x080182dc   0x080182dc   0x0000004a   Code   RO         1959    .text               c_w.l(sys_stackheap_outer.o)
    0x08018326   0x08018326   0x00000012   Code   RO         1961    .text               c_w.l(exit.o)
    0x08018338   0x08018338   0x00000030   Code   RO         1899    i.__ARM_fpclassify  m_wm.l(fpclassify.o)
    0x08018368   0x08018368   0x00000026   Code   RO         1901    i.__ARM_fpclassifyf  m_wm.l(fpclassifyf.o)
    0x0801838e   0x0801838e   0x00000002   PAD
    0x08018390   0x08018390   0x00000118   Code   RO         1706    i.__hardfp_acosf    m_wm.l(acosf.o)
    0x080184a8   0x080184a8   0x0000012c   Code   RO         1732    i.__hardfp_asinf    m_wm.l(asinf.o)
    0x080185d4   0x080185d4   0x00000004   PAD
    0x080185d8   0x080185d8   0x000000c8   Code   RO         1770    i.__hardfp_cos      m_wm.l(cos.o)
    0x080186a0   0x080186a0   0x00000014   Code   RO         1794    i.__hardfp_fabs     m_wm.l(fabs.o)
    0x080186b4   0x080186b4   0x00000004   PAD
    0x080186b8   0x080186b8   0x000000c8   Code   RO         1814    i.__hardfp_sin      m_wm.l(sin.o)
    0x08018780   0x08018780   0x00000190   Code   RO         1826    i.__hardfp_sinf     m_wm.l(sinf.o)
    0x08018910   0x08018910   0x0000007a   Code   RO         1838    i.__hardfp_sqrt     m_wm.l(sqrt.o)
    0x0801898a   0x0801898a   0x00000006   PAD
    0x08018990   0x08018990   0x00000438   Code   RO         1920    i.__ieee754_rem_pio2  m_wm.l(rred.o)
    0x08018dc8   0x08018dc8   0x00000170   Code   RO         1882    i.__kernel_cos      m_wm.l(cos_i.o)
    0x08018f38   0x08018f38   0x000000f8   Code   RO         1917    i.__kernel_poly     m_wm.l(poly.o)
    0x08019030   0x08019030   0x00000130   Code   RO         1928    i.__kernel_sin      m_wm.l(sin_i.o)
    0x08019160   0x08019160   0x00000014   Code   RO         1886    i.__mathlib_dbl_infnan  m_wm.l(dunder.o)
    0x08019174   0x08019174   0x00000004   PAD
    0x08019178   0x08019178   0x00000020   Code   RO         1888    i.__mathlib_dbl_invalid  m_wm.l(dunder.o)
    0x08019198   0x08019198   0x00000020   Code   RO         1891    i.__mathlib_dbl_underflow  m_wm.l(dunder.o)
    0x080191b8   0x080191b8   0x00000006   Code   RO         1904    i.__mathlib_flt_infnan  m_wm.l(funder.o)
    0x080191be   0x080191be   0x00000002   PAD
    0x080191c0   0x080191c0   0x00000010   Code   RO         1906    i.__mathlib_flt_invalid  m_wm.l(funder.o)
    0x080191d0   0x080191d0   0x00000010   Code   RO         1909    i.__mathlib_flt_underflow  m_wm.l(funder.o)
    0x080191e0   0x080191e0   0x00000154   Code   RO         1925    i.__mathlib_rredf2  m_wm.l(rredf.o)
    0x08019334   0x08019334   0x00000018   Code   RO         1796    i.fabs              m_wm.l(fabs.o)
    0x0801934c   0x0801934c   0x0000003e   Code   RO         1852    i.sqrtf             m_wm.l(sqrtf.o)
    0x0801938a   0x0801938a   0x00000018   Code   RO         1668    x$fpl$basic         fz_wm.l(basic.o)
    0x080193a2   0x080193a2   0x00000002   PAD
    0x080193a4   0x080193a4   0x00000062   Code   RO         1670    x$fpl$d2f           fz_wm.l(d2f.o)
    0x08019406   0x08019406   0x00000002   PAD
    0x08019408   0x08019408   0x00000150   Code   RO         1672    x$fpl$dadd          fz_wm.l(daddsub_clz.o)
    0x08019558   0x08019558   0x00000018   Code   RO         1867    x$fpl$dcmpinf       fz_wm.l(dcmpi.o)
    0x08019570   0x08019570   0x000002b0   Code   RO         1679    x$fpl$ddiv          fz_wm.l(ddiv.o)
    0x08019820   0x08019820   0x00000078   Code   RO         1682    x$fpl$deqf          fz_wm.l(deqf.o)
    0x08019898   0x08019898   0x0000005e   Code   RO         1684    x$fpl$dfix          fz_wm.l(dfix.o)
    0x080198f6   0x080198f6   0x0000002e   Code   RO         1689    x$fpl$dflt          fz_wm.l(dflt_clz.o)
    0x08019924   0x08019924   0x00000026   Code   RO         1688    x$fpl$dfltu         fz_wm.l(dflt_clz.o)
    0x0801994a   0x0801994a   0x00000002   PAD
    0x0801994c   0x0801994c   0x00000078   Code   RO         1694    x$fpl$dleqf         fz_wm.l(dleqf.o)
    0x080199c4   0x080199c4   0x00000154   Code   RO         1696    x$fpl$dmul          fz_wm.l(dmul.o)
    0x08019b18   0x08019b18   0x0000009c   Code   RO         1869    x$fpl$dnaninf       fz_wm.l(dnaninf.o)
    0x08019bb4   0x08019bb4   0x0000000c   Code   RO         1871    x$fpl$dretinf       fz_wm.l(dretinf.o)
    0x08019bc0   0x08019bc0   0x0000006c   Code   RO         1698    x$fpl$drleqf        fz_wm.l(drleqf.o)
    0x08019c2c   0x08019c2c   0x00000016   Code   RO         1673    x$fpl$drsb          fz_wm.l(daddsub_clz.o)
    0x08019c42   0x08019c42   0x00000002   PAD
    0x08019c44   0x08019c44   0x00000198   Code   RO         1873    x$fpl$dsqrt         fz_wm.l(dsqrt_umaal.o)
    0x08019ddc   0x08019ddc   0x000001d4   Code   RO         1674    x$fpl$dsub          fz_wm.l(daddsub_clz.o)
    0x08019fb0   0x08019fb0   0x00000056   Code   RO         1700    x$fpl$f2d           fz_wm.l(f2d.o)
    0x0801a006   0x0801a006   0x0000008c   Code   RO         1875    x$fpl$fnaninf       fz_wm.l(fnaninf.o)
    0x0801a092   0x0801a092   0x0000000a   Code   RO         2029    x$fpl$fpinit        fz_wm.l(fpinit.o)
    0x0801a09c   0x0801a09c   0x0000000a   Code   RO         1877    x$fpl$fretinf       fz_wm.l(fretinf.o)
    0x0801a0a6   0x0801a0a6   0x00000000   Code   RO         1881    x$fpl$usenofp       fz_wm.l(usenofp.o)
    0x0801a0a6   0x0801a0a6   0x00000002   PAD
    0x0801a0a8   0x0801a0a8   0x00000030   Data   RO         1883    .constdata          m_wm.l(cos_i.o)
    0x0801a0d8   0x0801a0d8   0x000000c8   Data   RO         1922    .constdata          m_wm.l(rred.o)
    0x0801a1a0   0x0801a1a0   0x00000020   Data   RO         1926    .constdata          m_wm.l(rredf.o)
    0x0801a1c0   0x0801a1c0   0x00000028   Data   RO         1929    .constdata          m_wm.l(sin_i.o)
    0x0801a1e8   0x0801a1e8   0x00000020   Data   RO         2095    Region$$Table       anon$$obj.o


    Execution Region RW_IRAM1 (Exec base: 0x20000000, Load base: 0x0801a208, Size: 0x0000d860, Max: 0x00020000, ABSOLUTE, COMPRESSED[0x00000308])

    Exec Addr    Load Addr    Size         Type   Attr      Idx    E Section Name        Object

    0x20000000   COMPRESSED   0x000001b4   Data   RW            4    .data               aaa.o
    0x200001b4   COMPRESSED   0x00000160   Data   RW          144    .data               main.o
    0x20000314   COMPRESSED   0x00000044   Data   RW          270    .data               attitudealgorithm.o
    0x20000358   COMPRESSED   0x00000028   Data   RW          292    .data               calculateslocation.o
    0x20000380   COMPRESSED   0x00000008   Data   RW          352    .data               elmo.o
    0x20000388   COMPRESSED   0x0000006f   Data   RW          409    .data               exit.o
    0x200003f7   COMPRESSED   0x00000001   PAD
    0x200003f8   COMPRESSED   0x00000008   Data   RW          436    .data               extiz.o
    0x20000400   COMPRESSED   0x00000174   Data   RW          472    .data               fsmcompensator.o
    0x20000574   COMPRESSED   0x00000004   PAD
    0x20000578   COMPRESSED   0x00000120   Data   RW          491    .data               fsmcompensator_servo.o
    0x20000698   COMPRESSED   0x00000014   Data   RW          534    .data               ioinit.o
    0x200006ac   COMPRESSED   0x00000078   Data   RW          553    .data               motoroutputposse.o
    0x20000724   COMPRESSED   0x00000090   Data   RW          573    .data               pointfunction.o
    0x200007b4   COMPRESSED   0x0000010b   Data   RW          600    .data               positionloop.o
    0x200008bf   COMPRESSED   0x00000001   PAD
    0x200008c0   COMPRESSED   0x000000bc   Data   RW          623    .data               servofunction.o
    0x2000097c   COMPRESSED   0x0000005a   Data   RW          650    .data               scanfunction.o
    0x200009d6   COMPRESSED   0x00000002   PAD
    0x200009d8   COMPRESSED   0x00000024   Data   RW          674    .data               stm32f4xx_it.o
    0x200009fc   COMPRESSED   0x00000800   Data   RW          759    .data               timer.o
    0x200011fc   COMPRESSED   0x00000062   Data   RW          808    .data               yunsufunction.o
    0x2000125e   COMPRESSED   0x00000002   PAD
    0x20001260   COMPRESSED   0x0000003c   Data   RW          829    .data               fy_485.o
    0x2000129c   COMPRESSED   0x00000010   Data   RW          992    .data               saomiao.o
    0x200012ac   COMPRESSED   0x0000001a   Data   RW         1027    .data               usart.o
    0x200012c6   COMPRESSED   0x00000002   PAD
    0x200012c8   COMPRESSED   0x000000f1   Data   RW         1054    .data               receive_send_data.o
    0x200013b9   COMPRESSED   0x00000007   PAD
    0x200013c0   COMPRESSED   0x000000c8   Data   RW         1075    .data               deg_inversesolution.o
    0x20001488   COMPRESSED   0x0000001c   Data   RW         1099    .data               writeguandao.o
    0x200014a4   COMPRESSED   0x00000010   Data   RW         1478    .data               stm32f4xx_rcc.o
    0x200014b4   COMPRESSED   0x00000014   Data   RW         1624    .data               system_stm32f4xx.o
    0x200014c8        -       0x00000232   Zero   RW            3    .bss                aaa.o
    0x200016fa        -       0x0000001e   Zero   RW          143    .bss                main.o
    0x20001718        -       0x00000f40   Zero   RW          471    .bss                fsmcompensator.o
    0x20002658        -       0x00000b00   Zero   RW          490    .bss                fsmcompensator_servo.o
    0x20003158        -       0x00000024   Zero   RW          673    .bss                stm32f4xx_it.o
    0x2000317c        -       0x0000805c   Zero   RW          758    .bss                timer.o
    0x2000b1d8        -       0x00001f40   Zero   RW          950    .bss                rms2.o
    0x2000d118        -       0x00000044   Zero   RW         1026    .bss                usart.o
    0x2000d15c        -       0x00000087   Zero   RW         1053    .bss                receive_send_data.o
    0x2000d1e3        -       0x0000001b   Zero   RW         1098    .bss                writeguandao.o
    0x2000d1fe   COMPRESSED   0x00000002   PAD
    0x2000d200        -       0x00000060   Zero   RW         1957    .bss                c_w.l(libspace.o)
    0x2000d260        -       0x00000200   Zero   RW         1118    HEAP                startup_stm32f4xx.o
    0x2000d460        -       0x00000400   Zero   RW         1117    STACK               startup_stm32f4xx.o


==============================================================================

Image component sizes


      Code (inc. data)   RO Data    RW Data    ZI Data      Debug   Object Name

     13572       1414          0        436        562     315569   aaa.o
         0          0          0         68          0        849   attitudealgorithm.o
         0          0          0         40          0       1299   calculateslocation.o
       988         14          0          0          0       2740   can.o
      2896        216          0        200          0       3925   deg_inversesolution.o
         0          0          0          0          0        680   dycnvertcoordinate1.o
      7132        122          0          8          0      24018   elmo.o
         0          0          0        111          0       2211   exit.o
       124         14          0          8          0       1142   extiz.o
       676         16          0          0          0       1015   fsmc.o
     15472       1074          0        372       3904      12513   fsmcompensator.o
      5924        602          0        288       2816      10833   fsmcompensator_servo.o
         0          0          0         60          0       1578   fy_485.o
       820         94          0         20          0       2520   ioinit.o
       516         78          0        352         30       6683   main.o
       224         20          0          0          0       2133   misc.o
       652        104          0        120          0       4327   motoroutputposse.o
       380        106          0        144          0       2998   pointfunction.o
      4100        516          0        267          0       5580   positionloop.o
      4096        420          0        241        135      12789   receive_send_data.o
       512         24          0          0       8000       2162   rms2.o
       460         32          0         16          0       1876   saomiao.o
         0          0          0         90          0       2544   scanfunction.o
      2824        424          0        188          0       4175   servofunction.o
        64         26        392          0       1536        984   startup_stm32f4xx.o
      2544         38          0          0          0       8456   stm32f4xx_can.o
       284         10          0          0          0       2635   stm32f4xx_exti.o
      1212         26          0          0          0       7397   stm32f4xx_flash.o
      1544         14          0          0          0       5751   stm32f4xx_fsmc.o
       604         36          0          0          0       4437   stm32f4xx_gpio.o
      4600        384          0         36         36       6288   stm32f4xx_it.o
      1416         48          0         16          0      11467   stm32f4xx_rcc.o
       140         12          0          0          0       1823   stm32f4xx_syscfg.o
      3234         60          0          0          0      23328   stm32f4xx_tim.o
      1070         26          0          0          0       8232   stm32f4xx_usart.o
       348         48          0          0          0       2321   stmflash.o
       528         46          0         20          0       2335   system_stm32f4xx.o
     17540       2952          0       2048      32860      60648   timer.o
      1476        208          0         26         68       5732   usart.o
       396         62          0         28         27       2079   writeguandao.o
         0          0          0         98          0       2517   yunsufunction.o

    ----------------------------------------------------------------------
     98372       9286        424       5320      49976     582589   Object Totals
         0          0         32          0          0          0   (incl. Generated)
         4          0          0         19          2          0   (incl. Padding)

    ----------------------------------------------------------------------

      Code (inc. data)   RO Data    RW Data    ZI Data      Debug   Library Member Name

        90          0          0          0          0          0   __dczerorl2.o
         8          0          0          0          0         68   __main.o
         0          0          0          0          0          0   __rtentry.o
        12          0          0          0          0          0   __rtentry2.o
         6          0          0          0          0          0   __rtentry4.o
        52          8          0          0          0          0   __scatter.o
        28          0          0          0          0          0   __scatter_zi.o
        22          0          0          0          0        100   _rserrno.o
        18          0          0          0          0         80   exit.o
         6          0          0          0          0        152   heapauxi.o
         2          0          0          0          0          0   libinit.o
         6          0          0          0          0          0   libinit2.o
         2          0          0          0          0          0   libshutdown.o
         2          0          0          0          0          0   libshutdown2.o
         8          4          0          0         96         68   libspace.o
         8          4          0          0          0         68   rt_errno_addr_intlibspace.o
         2          0          0          0          0          0   rtexit.o
        10          0          0          0          0          0   rtexit2.o
        74          0          0          0          0         80   sys_stackheap_outer.o
         2          0          0          0          0         68   use_no_semi.o
         2          0          0          0          0         68   use_no_semi_2.o
        24          0          0          0          0        164   basic.o
        98          4          0          0          0        140   d2f.o
       826         16          0          0          0        492   daddsub_clz.o
        24          0          0          0          0        116   dcmpi.o
       688        140          0          0          0        256   ddiv.o
       120          4          0          0          0        140   deqf.o
        94          4          0          0          0        140   dfix.o
        84          0          0          0          0        232   dflt_clz.o
       120          4          0          0          0        140   dleqf.o
       340         12          0          0          0        152   dmul.o
       156          4          0          0          0        140   dnaninf.o
        12          0          0          0          0        116   dretinf.o
       108          0          0          0          0        128   drleqf.o
       408         56          0          0          0        168   dsqrt_umaal.o
        86          4          0          0          0        132   f2d.o
       140          4          0          0          0        132   fnaninf.o
        10          0          0          0          0        116   fpinit.o
        10          0          0          0          0        116   fretinf.o
         0          0          0          0          0          0   usenofp.o
       280         46          0          0          0        176   acosf.o
       300         42          0          0          0        176   asinf.o
       200         20          0          0          0        164   cos.o
       368         46         48          0          0        200   cos_i.o
        84         16          0          0          0        372   dunder.o
        44          0          0          0          0        248   fabs.o
        48          0          0          0          0        124   fpclassify.o
        38          0          0          0          0        116   fpclassifyf.o
        38         12          0          0          0        348   funder.o
       248          0          0          0          0        152   poly.o
      1080        142        200          0          0        188   rred.o
       340         24         32          0          0        160   rredf.o
       200         20          0          0          0        164   sin.o
       304         24         40          0          0        208   sin_i.o
       400         56          0          0          0        212   sinf.o
       122          0          0          0          0        148   sqrt.o
        62          0          0          0          0        136   sqrtf.o

    ----------------------------------------------------------------------
      7900        720        320          0         96       7064   Library Totals
        36          4          0          0          0          0   (incl. Padding)

    ----------------------------------------------------------------------

      Code (inc. data)   RO Data    RW Data    ZI Data      Debug   Library Name

       360         16          0          0         96        752   c_w.l
      3348        252          0          0          0       3020   fz_wm.l
      4156        448        320          0          0       3292   m_wm.l

    ----------------------------------------------------------------------
      7900        720        320          0         96       7064   Library Totals

    ----------------------------------------------------------------------

==============================================================================


      Code (inc. data)   RO Data    RW Data    ZI Data      Debug   

    106272      10006        744       5320      50072     577793   Grand Totals
    106272      10006        744        776      50072     577793   ELF Image Totals (compressed)
    106272      10006        744        776          0          0   ROM Totals

==============================================================================

    Total RO  Size (Code + RO Data)               107016 ( 104.51kB)
    Total RW  Size (RW Data + ZI Data)             55392 (  54.09kB)
    Total ROM Size (Code + RO Data + RW Data)     107792 ( 105.27kB)

==============================================================================

